============================= test session starts =============================
platform win32 -- Python 3.11.4, pytest-7.4.0, pluggy-1.0.0 -- C:\Users\moham\anaconda3\python.exe
cachedir: .pytest_cache
rootdir: D:\rfq_manager_ms
configfile: pytest.ini
plugins: anyio-3.5.0, Faker-37.1.0, asyncio-0.23.8
asyncio: mode=Mode.AUTO
collecting ... collected 46 items

tests/test_api_layer.py::test_422_validation_error_format PASSED         [  2%]
tests/test_api_layer.py::test_rich_filters_parsing FAILED                [  4%]
tests/test_api_layer.py::test_export_csv_endpoint PASSED                 [  6%]
tests/test_notification_service.py::test_process_due_reminders PASSED    [  8%]
tests/test_notification_service.py::test_process_due_reminders_rate_limiting_and_exhaustion PASSED [ 10%]
tests/test_pagination.py::test_pagination_params_defaults PASSED         [ 13%]
tests/test_pagination.py::test_pagination_params_caps_size PASSED        [ 15%]
tests/test_pagination.py::test_pagination_params_offset PASSED           [ 17%]
tests/test_pagination.py::test_paginate PASSED                           [ 19%]
tests/test_pagination.py::test_paginated_response PASSED                 [ 21%]
tests/test_rfq_controller.py::test_export_csv_formatting_and_filtering PASSED [ 23%]
tests/integration/test_api_layer.py::test_422_validation_error_format PASSED [ 26%]
tests/integration/test_api_layer.py::test_rich_filters_parsing FAILED    [ 28%]
tests/integration/test_api_layer.py::test_export_csv_endpoint PASSED     [ 30%]
tests/unit/test_file_controller.py::test_list_for_stage_success PASSED   [ 32%]
tests/unit/test_file_controller.py::test_list_for_stage_not_found PASSED [ 34%]
tests/unit/test_file_controller.py::test_get_file_path_success PASSED    [ 36%]
tests/unit/test_file_controller.py::test_get_file_path_not_on_disk PASSED [ 39%]
tests/unit/test_file_controller.py::test_delete_success PASSED           [ 41%]
tests/unit/test_notification_service.py::test_process_due_reminders PASSED [ 43%]
tests/unit/test_notification_service.py::test_process_due_reminders_rate_limiting_and_exhaustion PASSED [ 45%]
tests/unit/test_pagination.py::test_pagination_params_defaults PASSED    [ 47%]
tests/unit/test_pagination.py::test_pagination_params_caps_size PASSED   [ 50%]
tests/unit/test_pagination.py::test_pagination_params_offset PASSED      [ 52%]
tests/unit/test_pagination.py::test_paginate PASSED                      [ 54%]
tests/unit/test_pagination.py::test_paginated_response PASSED            [ 56%]
tests/unit/test_rfq_controller.py::test_export_csv_formatting_and_filtering PASSED [ 58%]
tests/unit/test_rfq_stage_controller.py::test_stage_list PASSED          [ 60%]
tests/unit/test_rfq_stage_controller.py::test_stage_get PASSED           [ 63%]
tests/unit/test_rfq_stage_controller.py::test_stage_update PASSED        [ 65%]
tests/unit/test_rfq_stage_controller.py::test_add_note PASSED            [ 67%]
tests/unit/test_rfq_stage_controller.py::test_upload_file_size_limit PASSED [ 69%]
tests/unit/test_rfq_stage_controller.py::test_upload_file_success PASSED [ 71%]
tests/unit/test_rfq_stage_controller.py::test_advance_blocked PASSED     [ 73%]
tests/unit/test_rfq_stage_controller.py::test_advance_missing_mandatory PASSED [ 76%]
tests/unit/test_rfq_stage_controller.py::test_advance_success PASSED     [ 78%]
tests/unit/test_subtask_controller.py::test_subtask_create PASSED        [ 80%]
tests/unit/test_subtask_controller.py::test_subtask_create_stage_not_found PASSED [ 82%]
tests/unit/test_subtask_controller.py::test_subtask_list PASSED          [ 84%]
tests/unit/test_subtask_controller.py::test_subtask_update_and_rollup PASSED [ 86%]
tests/unit/test_subtask_controller.py::test_subtask_delete_and_rollup PASSED [ 89%]
tests/unit/test_workflow_controller.py::test_workflow_list PASSED        [ 91%]
tests/unit/test_workflow_controller.py::test_workflow_get_success PASSED [ 93%]
tests/unit/test_workflow_controller.py::test_workflow_get_not_found PASSED [ 95%]
tests/unit/test_workflow_controller.py::test_workflow_update_is_default_logic PASSED [ 97%]
tests/unit/test_workflow_controller.py::test_workflow_update_not_found PASSED [100%]

================================== FAILURES ===================================
__________________________ test_rich_filters_parsing __________________________
tests\test_api_layer.py:70: in test_rich_filters_parsing
    assert filters["status"] == ["Submitted", "In preparation"]
E   KeyError: 'status'
__________________________ test_rich_filters_parsing __________________________
tests\integration\test_api_layer.py:70: in test_rich_filters_parsing
    assert filters["status"] == ["Submitted", "In preparation"]
E   AssertionError: assert ['Submitted'] == ['Submitted',... preparation']
E     Right contains one more item: 'In preparation'
E     Full diff:
E     - ['Submitted', 'In preparation']
E     + ['Submitted']
---------------------------- Captured stdout call -----------------------------
2026-03-13 23:57:19,957 INFO sqlalchemy.engine.Engine select pg_catalog.version()
2026-03-13 23:57:19,957 INFO sqlalchemy.engine.Engine [raw sql] {}
2026-03-13 23:57:19,958 INFO sqlalchemy.engine.Engine select current_schema()
2026-03-13 23:57:19,958 INFO sqlalchemy.engine.Engine [raw sql] {}
2026-03-13 23:57:19,960 INFO sqlalchemy.engine.Engine show standard_conforming_strings
2026-03-13 23:57:19,960 INFO sqlalchemy.engine.Engine [raw sql] {}
2026-03-13 23:57:19,961 INFO sqlalchemy.engine.Engine BEGIN (implicit)
2026-03-13 23:57:19,972 INFO sqlalchemy.engine.Engine SELECT count(*) AS count_1 
FROM (SELECT rfq.id AS rfq_id, rfq.name AS rfq_name, rfq.client AS rfq_client, rfq.industry AS rfq_industry, rfq.country AS rfq_country, rfq.priority AS rfq_priority, rfq.deadline AS rfq_deadline, rfq.owner AS rfq_owner, rfq.description AS rfq_description, rfq.rfq_code AS rfq_rfq_code, rfq.workflow_id AS rfq_workflow_id, rfq.status AS rfq_status, rfq.progress AS rfq_progress, rfq.current_stage_id AS rfq_current_stage_id, rfq.outcome_reason AS rfq_outcome_reason, rfq.created_at AS rfq_created_at, rfq.updated_at AS rfq_updated_at 
FROM rfq 
WHERE rfq.status IN (%(status_1_1)s, %(status_1_2)s) AND rfq.priority = %(priority_1)s AND rfq.owner = %(owner_1)s AND rfq.created_at >= %(created_at_1)s AND rfq.created_at < %(created_at_2)s AND (rfq.name ILIKE %(name_1)s OR rfq.client ILIKE %(client_1)s) ORDER BY rfq.created_at DESC) AS anon_1
2026-03-13 23:57:19,972 INFO sqlalchemy.engine.Engine [generated in 0.00089s] {'priority_1': 'critical', 'owner_1': 'Engineering Team', 'created_at_1': datetime.date(2023, 1, 1), 'created_at_2': datetime.date(2024, 1, 1), 'name_1': '%Pump%', 'client_1': '%Pump%', 'status_1_1': 'Submitted', 'status_1_2': 'In preparation'}
2026-03-13 23:57:19,977 INFO sqlalchemy.engine.Engine SELECT rfq.id AS rfq_id, rfq.name AS rfq_name, rfq.client AS rfq_client, rfq.industry AS rfq_industry, rfq.country AS rfq_country, rfq.priority AS rfq_priority, rfq.deadline AS rfq_deadline, rfq.owner AS rfq_owner, rfq.description AS rfq_description, rfq.rfq_code AS rfq_rfq_code, rfq.workflow_id AS rfq_workflow_id, rfq.status AS rfq_status, rfq.progress AS rfq_progress, rfq.current_stage_id AS rfq_current_stage_id, rfq.outcome_reason AS rfq_outcome_reason, rfq.created_at AS rfq_created_at, rfq.updated_at AS rfq_updated_at 
FROM rfq 
WHERE rfq.status IN (%(status_1_1)s, %(status_1_2)s) AND rfq.priority = %(priority_1)s AND rfq.owner = %(owner_1)s AND rfq.created_at >= %(created_at_1)s AND rfq.created_at < %(created_at_2)s AND (rfq.name ILIKE %(name_1)s OR rfq.client ILIKE %(client_1)s) ORDER BY rfq.created_at DESC 
 LIMIT %(param_1)s OFFSET %(param_2)s
2026-03-13 23:57:19,977 INFO sqlalchemy.engine.Engine [generated in 0.00018s] {'priority_1': 'critical', 'owner_1': 'Engineering Team', 'created_at_1': datetime.date(2023, 1, 1), 'created_at_2': datetime.date(2024, 1, 1), 'name_1': '%Pump%', 'client_1': '%Pump%', 'param_1': 20, 'param_2': 0, 'status_1_1': 'Submitted', 'status_1_2': 'In preparation'}
2026-03-13 23:57:19,980 INFO sqlalchemy.engine.Engine ROLLBACK
------------------------------ Captured log call ------------------------------
INFO     sqlalchemy.engine.Engine:base.py:1846 select pg_catalog.version()
INFO     sqlalchemy.engine.Engine:base.py:1846 [raw sql] {}
INFO     sqlalchemy.engine.Engine:base.py:1846 select current_schema()
INFO     sqlalchemy.engine.Engine:base.py:1846 [raw sql] {}
INFO     sqlalchemy.engine.Engine:base.py:1846 show standard_conforming_strings
INFO     sqlalchemy.engine.Engine:base.py:1846 [raw sql] {}
INFO     sqlalchemy.engine.Engine:base.py:2701 BEGIN (implicit)
INFO     sqlalchemy.engine.Engine:base.py:1846 SELECT count(*) AS count_1 
FROM (SELECT rfq.id AS rfq_id, rfq.name AS rfq_name, rfq.client AS rfq_client, rfq.industry AS rfq_industry, rfq.country AS rfq_country, rfq.priority AS rfq_priority, rfq.deadline AS rfq_deadline, rfq.owner AS rfq_owner, rfq.description AS rfq_description, rfq.rfq_code AS rfq_rfq_code, rfq.workflow_id AS rfq_workflow_id, rfq.status AS rfq_status, rfq.progress AS rfq_progress, rfq.current_stage_id AS rfq_current_stage_id, rfq.outcome_reason AS rfq_outcome_reason, rfq.created_at AS rfq_created_at, rfq.updated_at AS rfq_updated_at 
FROM rfq 
WHERE rfq.status IN (%(status_1_1)s, %(status_1_2)s) AND rfq.priority = %(priority_1)s AND rfq.owner = %(owner_1)s AND rfq.created_at >= %(created_at_1)s AND rfq.created_at < %(created_at_2)s AND (rfq.name ILIKE %(name_1)s OR rfq.client ILIKE %(client_1)s) ORDER BY rfq.created_at DESC) AS anon_1
INFO     sqlalchemy.engine.Engine:base.py:1846 [generated in 0.00089s] {'priority_1': 'critical', 'owner_1': 'Engineering Team', 'created_at_1': datetime.date(2023, 1, 1), 'created_at_2': datetime.date(2024, 1, 1), 'name_1': '%Pump%', 'client_1': '%Pump%', 'status_1_1': 'Submitted', 'status_1_2': 'In preparation'}
INFO     sqlalchemy.engine.Engine:base.py:1846 SELECT rfq.id AS rfq_id, rfq.name AS rfq_name, rfq.client AS rfq_client, rfq.industry AS rfq_industry, rfq.country AS rfq_country, rfq.priority AS rfq_priority, rfq.deadline AS rfq_deadline, rfq.owner AS rfq_owner, rfq.description AS rfq_description, rfq.rfq_code AS rfq_rfq_code, rfq.workflow_id AS rfq_workflow_id, rfq.status AS rfq_status, rfq.progress AS rfq_progress, rfq.current_stage_id AS rfq_current_stage_id, rfq.outcome_reason AS rfq_outcome_reason, rfq.created_at AS rfq_created_at, rfq.updated_at AS rfq_updated_at 
FROM rfq 
WHERE rfq.status IN (%(status_1_1)s, %(status_1_2)s) AND rfq.priority = %(priority_1)s AND rfq.owner = %(owner_1)s AND rfq.created_at >= %(created_at_1)s AND rfq.created_at < %(created_at_2)s AND (rfq.name ILIKE %(name_1)s OR rfq.client ILIKE %(client_1)s) ORDER BY rfq.created_at DESC 
 LIMIT %(param_1)s OFFSET %(param_2)s
INFO     sqlalchemy.engine.Engine:base.py:1846 [generated in 0.00018s] {'priority_1': 'critical', 'owner_1': 'Engineering Team', 'created_at_1': datetime.date(2023, 1, 1), 'created_at_2': datetime.date(2024, 1, 1), 'name_1': '%Pump%', 'client_1': '%Pump%', 'param_1': 20, 'param_2': 0, 'status_1_1': 'Submitted', 'status_1_2': 'In preparation'}
INFO     sqlalchemy.engine.Engine:base.py:2704 ROLLBACK
============================== warnings summary ===============================
C:\Users\moham\anaconda3\Lib\site-packages\starlette\formparsers.py:12
  C:\Users\moham\anaconda3\Lib\site-packages\starlette\formparsers.py:12: PendingDeprecationWarning: Please use `import python_multipart` instead.
    import multipart

C:\Users\moham\anaconda3\Lib\site-packages\pydantic\_internal\_config.py:291: 14 warnings
  C:\Users\moham\anaconda3\Lib\site-packages\pydantic\_internal\_config.py:291: PydanticDeprecatedSince20: Support for class-based `config` is deprecated, use ConfigDict instead. Deprecated in Pydantic V2.0 to be removed in V3.0. See Pydantic V2 Migration Guide at https://errors.pydantic.dev/2.9/migration/
    warnings.warn(DEPRECATION_MESSAGE, DeprecationWarning)

-- Docs: https://docs.pytest.org/en/stable/how-to/capture-warnings.html
=========================== short test summary info ===========================
FAILED tests/test_api_layer.py::test_rich_filters_parsing - KeyError: 'status'
FAILED tests/integration/test_api_layer.py::test_rich_filters_parsing - Asser...
================== 2 failed, 44 passed, 15 warnings in 1.68s ==================
